gradle.bat : C:\Users\Kyle\Documents\GitHub\MapColorer\src\main\java\mapcolorer
\MapColor.java:9: error: modifier public not allowed here
At line:1 char:7
+ gradle <<<<  build 2> errors.txt
    + CategoryInfo          : NotSpecified: (C:\Users\Kyle\D...ot allowed here 
   :String) [], RemoteException
    + FullyQualifiedErrorId : NativeCommandError
 
    public MapColor(String colorStr) {

           ^

C:\Users\Kyle\Documents\GitHub\MapColorer\src\main\java\mapcolorer\Country.java
:37: error: incompatible types: Object cannot be converted to Entry<String,Coun
try>

        for(Map.Entry<String, Country> countryEntry : neighbors.entrySet()) {

                                                                        ^

C:\Users\Kyle\Documents\GitHub\MapColorer\src\main\java\mapcolorer\Country.java
:50: error: cannot find symbol

            neighbors.put(key, newNeighbor());

                               ^

  symbol:   method newNeighbor()

  location: class Country

C:\Users\Kyle\Documents\GitHub\MapColorer\src\main\java\mapcolorer\Country.java
:54: error: cannot find symbol

            String.Format(

                  ^

  symbol:   method Format(String,String)

  location: class String

4 errors



FAILURE: 
Build failed with an exception.




* What went wrong:

Execution failed for task ':compileJava'.

> 
Compilation failed; see the compiler error output for details.



* Try:

Run with 
--stacktrace
 option to get the stack trace. Run with 
--info
 or 
--debug
 option to get more log output.

